
  ======================================================================
              =                                            =
              =         *** AGWX *** Atomic GWX code       =
              =       HF, MP2, ShamSchluter, PZSIC, GW.    =
              =                                            =
  ======================================================================


  Program <agf>  v. 2.3.0  starts ...
  Date 17Mar2014 at 17:24:37 

     Number of MPI processes:       1
     Threads/MPI process:           8


          BUILT :    Tue Apr 13 10:33:17 2010
           HOST :    x86_64-unknown-linux-gnu
           ARCH :    x86_64
             CC :    icc
            CPP :    cpp
            F90 :    mpif90
            F77 :    ifort
         DFLAGS :    -D__INTEL -D__FFTW -D__MPI -D__PARA
      BLAS LIBS :    -L/home/ferretti/devel/agwx/install -lmkl_em64t_nothread
    LAPACK LIBS :    
       FFT LIBS :    
      MASS LIBS :    



  ======================================================================
  =  Response function Init                                            =
  ======================================================================


    grid dim:    11
     omg_min:   0.000000
     omg_max:   1.000000
        domg:   0.100000
  resp_delta:   0.010000
      analyt: TIME-ORDERED


     Omg(    1 ) =     0.000000000
     Omg(    2 ) =     0.100000000
     Omg(    3 ) =     0.200000000
     Omg(    4 ) =     0.300000000
     Omg(    5 ) =     0.400000000
     Omg(    6 ) =     0.500000000
     Omg(    7 ) =     0.600000000
     Omg(    8 ) =     0.700000000
     Omg(    9 ) =     0.800000000
     Omg(   10 ) =     0.900000000
     Omg(   11 ) =     1.000000000


  ======================================================================
  =  INPUT Summary                                                     =
  ======================================================================

 <CONTROL>
                       prefix :     atom_11_Na
                      postfix :     
                     work_dir :     ./SCRATCH

                  Calculation :     EPSILON
                      step  1 :     EPSILON

                       nprint :      50
            Use banded matrix :     TRUE 

               Use debug mode :     FALSE
 <CONTROL>


 <SYSTEM DATA>

         Atomic data
                  Symbol :      Na
         Atomic Number Z :     11
           Configuration :      1s1 1s1 2s1 2s1 2p3 2p3 3s1
                    lmax :      4
                   nspin :      2
                nelec UP :      6.000
                nelec DW :      5.000

         Electronic Configuration
         id     n   l  isp   j     oc  
         1S     1   0   1    0.00  1.00
         1S     1   0   2    0.00  1.00
         2S     2   0   1    0.00  1.00
         2S     2   0   2    0.00  1.00
         2P     2   1   1    0.00  3.00
         2P     2   1   2    0.00  3.00
         3S     3   0   1    0.00  1.00

 </SYSTEM DATA>


 <BASIS DATA>

         Main quantities
               grid type :      cubic
              basis type :      bspline
           bspline order :          4
            bspline size :        500
             gauss order :          8

         Radial Grid
                   nmesh :        504
                     rdx :     0.0100
                    rmin :      0.000
                    rmax :    100.000

      0.000000000    0.000000786    0.000006286    0.000021216    0.000050289    0.000098221
     97.047437637   97.633235483   98.221385928   98.811893686   99.404763472  100.000000000

         Radial Grid Int
                   nmesh :       4024
                    rmin :      0.000
                    rmax :     99.988

      0.000000016    0.000000080    0.000000186    0.000000321    0.000000465    0.000000599
     99.545973692   99.647788236   99.756975236   99.858789779   99.939484230   99.988181536


 </BASIS DATA>


 <METHOD>
                  beta_mixing :     0.500
                       niterx :      50
                  dm_conv_thr :    0.1000E-09
                etot_conv_thr :    0.1000E-09

 </METHOD>


 <RESPONSE>

    grid dim:    11
     omg_min:   0.000000
     omg_max:   1.000000
        domg:   0.100000
  resp_delta:   0.010000
      analyt: TIME-ORDERED


     Omg(    1 ) =     0.000000000
     Omg(    2 ) =     0.100000000
     Omg(    3 ) =     0.200000000
     Omg(    4 ) =     0.300000000
     Omg(    5 ) =     0.400000000
     Omg(    6 ) =     0.500000000
     Omg(    7 ) =     0.600000000
     Omg(    8 ) =     0.700000000
     Omg(    9 ) =     0.800000000
     Omg(   10 ) =     0.900000000
     Omg(   11 ) =     1.000000000

 </RESPONSE>


  ======================================================================
  =  epsilon/Chi0 calculation                                          =
  ======================================================================


          nval : 
    l(  0) :     3    2
    l(  1) :     1    1
    l(  2) :     0    0
    l(  3) :     0    0
    l(  4) :     0    0
          nbnd :     3
     nbnd_chi0 :   500
         nspin :     2
          lmax :     4
      lmax_val :     1
      lmax_eps :     5
   Analyticity :    TIME-ORDERED
  scf datatype :    LDA

     Workspace Memory Usage:       74.137 MB
   System Data Memory Usage:       32.097 MB
         Basis Memory Usage:       12.000 MB


     HF/DFT eigenval: 
     eigenval [Ry]: 
     il  ispin:   0  1
         -75.4255216     -4.1176631     -0.2262615     -0.0039381      0.0016825      0.0062519
           0.0132887      0.0226395      0.0342188      0.0479725      0.0638782      0.0819369
           0.1021520      0.1245114      0.1489865      0.1755478      0.2041814      0.2348929
           0.2676929      0.3025797      0.3395360      0.3785416      0.4195895      0.4626878
           0.5078468      0.5550645      0.6043262      0.6556187      0.7089416      0.7643049
           0.8217153      0.8811673      0.9426478      1.0061500      1.0716790      1.1392443
           1.2088472      1.2804788      1.3541294      1.4297988      1.5074952      1.5872243
           1.6689819      1.7527586      1.8385501      1.9263615      2.0162002      2.1080665
           2.2019528      2.2978525
     il  ispin:   1  1
                         -2.1132950     -0.0680485      0.0020159      0.0058831      0.0116218
                          0.0193610      0.0292770      0.0414513      0.0558649      0.0724548
                          0.0911616      0.1119573      0.1348451      0.1598351      0.1869201
                          0.2160738      0.2472703      0.2805030      0.3157841      0.3531248
                          0.3925192      0.4339480      0.4773972      0.5228703      0.5703802
                          0.6199321      0.6715157      0.7251159      0.7807288      0.8383635
                          0.8980298      0.9597248      1.0234362      1.0891558      1.1568879
                          1.2266426      1.2984227      1.3722197      1.4480237      1.5258349
                          1.6056618      1.6875104      1.7713760      1.8572493      1.9451270
                          2.0350155      2.1269220      2.2208455      2.3167777
     il  ispin:   2  1
                                         0.0033425      0.0082601      0.0148441      0.0225474
                                         0.0311645      0.0416963      0.0546952      0.0699819
                                         0.0874128      0.1069594      0.1286101      0.1523265
                                         0.1780648      0.2058104      0.2355805      0.2673922
                                         0.3012367      0.3370877      0.3749297      0.4147715
                                         0.4566295      0.5005036      0.5463755      0.5942297
                                         0.6440694      0.6959090      0.7497529      0.8055890
                                         0.8634028      0.9231946      0.9849765      1.0487556
                                         1.1145241      1.1822696      1.2519906      1.3236974
                                         1.3973985      1.4730894      1.5507594      1.6304062
                                         1.7120385      1.7956654      1.8812846      1.9688869
                                         2.0584694      2.1500395      2.2436061      2.3391684
     il  ispin:   3  1
                                                        0.0049213      0.0109322      0.0188766
                                                        0.0287199      0.0403701      0.0537330
                                                        0.0687935      0.0856413      0.1043823
                                                        0.1250617      0.1476956      0.1723271
                                                        0.1990125      0.2277724      0.2585828
                                                        0.2914137      0.3262640      0.3631533
                                                        0.4020901      0.4430577      0.4860334
                                                        0.5310127      0.5780099      0.6270352
                                                        0.6780798      0.7311259      0.7861670
                                                        0.8432131      0.9022753      0.9633497
                                                        1.0264219      1.0914842      1.1585432
                                                        1.2276096      1.2986831      1.3717521
                                                        1.4468082      1.5238554      1.6029038
                                                        1.6839553      1.7670009      1.8520321
                                                        1.9390509      2.0280665      2.1190825
                                                        2.2120920      2.3070869
     il  ispin:   4  1
                                                                       0.0067481      0.0138078      0.0227925
                                                                       0.0337327      0.0466094      0.0613788
                                                                       0.0779933      0.0964349      0.1167332
                                                                       0.1389388      0.1630778      0.1891433
                                                                       0.2171300      0.2470654      0.2789961
                                                                       0.3129478      0.3489112      0.3868679
                                                                       0.4268206      0.4687909      0.5127931
                                                                       0.5588179      0.6068464      0.6568734
                                                                       0.7089119      0.7629742      0.8190554
                                                                       0.8771398      0.9372198      0.9993038
                                                                       1.0634034      1.1295175      1.1976336
                                                                       1.2677430      1.3398509      1.4139679
                                                                       1.4900958      1.5682246      1.6483456
                                                                       1.7304612      1.8145810      1.9007085
                                                                       1.9888364      2.0789558      2.1710674
                                                                       2.2651795
     il  ispin:   0  2
         -75.4228750     -4.1137983     -0.1523121     -0.0002218      0.0023614      0.0072110
           0.0144322      0.0239645      0.0357392      0.0496938      0.0657887      0.0840127
           0.1043705      0.1268610      0.1514653      0.1781536      0.2069046      0.2377166
           0.2706011      0.3055642      0.3425954      0.3816753      0.4227915      0.4659481
           0.5111566      0.5584205      0.6077293      0.6590684      0.7124334      0.7678324
           0.8252743      0.8847576      0.9462706      1.0098042      1.0753607      1.1429495
           1.2125747      1.2842296      1.3579040      1.4335954      1.5113105      1.5910564
           1.6728312      1.7566260      1.8424352      1.9302620      2.0201141      2.1119934
           2.2058935      2.3018073
     il  ispin:   1  2
                         -2.1080644     -0.0220683      0.0020643      0.0061956      0.0124705
                          0.0208570      0.0313349      0.0439225      0.0586421      0.0754844
                          0.0944116      0.1153880      0.1384065      0.1634842      0.1906352
                          0.2198505      0.2511053      0.2843838      0.3196921      0.3570467
                          0.3964525      0.4378963      0.4813608      0.5268428      0.5743540
                          0.6239046      0.6754900      0.7290956      0.7847132      0.8423486
                          0.9020129      0.9637075      1.0274222      1.0931466      1.1608817
                          1.2306370      1.3024180      1.3762186      1.4520284      1.5298448
                          1.6096751      1.6915265      1.7753965      1.8612763      1.9491608
                          2.0390546      2.1309654      2.2248938      2.3208327
     il  ispin:   2  2
                                         0.0033436      0.0082785      0.0149839      0.0231837
                                         0.0327480      0.0440387      0.0574696      0.0730964
                                         0.0908382      0.1106581      0.1325574      0.1565223
                                         0.1825114      0.2104867      0.2404435      0.2724009
                                         0.3063688      0.3423312      0.3802649      0.4201662
                                         0.4620522      0.5059356      0.5518089      0.5996548
                                         0.6494691      0.7012655      0.7550568      0.8108389
                                         0.8685980      0.9283294      0.9900439      1.0537532
                                         1.1194555      1.1871391      1.2567990      1.3284440
                                         1.4020846      1.4777203      1.5553414      1.6349429
                                         1.7165314      1.8001170      1.8857001      1.9732722
                                         2.0628284      2.1543739      2.2479180      2.3434617
     il  ispin:   3  2
                                                        0.0049213      0.0109325      0.0188789
                                                        0.0287307      0.0404076      0.0538339
                                                        0.0690122      0.0860383      0.1050158
                                                        0.1259844      0.1489448      0.1739136
                                                        0.2009280      0.2300077      0.2611351
                                                        0.2942775      0.3294214      0.3665791
                                                        0.4057638      0.4469681      0.4901696
                                                        0.5353558      0.5825348      0.6317207
                                                        0.6829130      0.7360963      0.7912590
                                                        0.8484065      0.9075516      0.9686977
                                                        1.0318339      1.0969495      1.1640472
                                                        1.2331388      1.3042291      1.3773103
                                                        1.4523725      1.5294166      1.6084528
                                                        1.6894867      1.7725128      1.8575220
                                                        1.9445139      2.0334970      2.1244777
                                                        2.2174520      2.3124117
     il  ispin:   4  2
                                                                       0.0067481      0.0138078      0.0227927
                                                                       0.0337338      0.0466138      0.0613919
                                                                       0.0780249      0.0964995      0.1168492
                                                                       0.1391284      0.1633691      0.1895694
                                                                       0.2177242      0.2478539      0.2799965
                                                                       0.3141738      0.3503762      0.3885821
                                                                       0.4287856      0.4710015      0.5152434
                                                                       0.5615056      0.6097688      0.6600226
                                                                       0.7122746      0.7665378      0.8228116
                                                                       0.8810822      0.9413385      1.0035844
                                                                       1.0678318      1.1340840      1.2023310
                                                                       1.2725625      1.3447797      1.4189931
                                                                       1.4952080      1.5734178      1.6536126
                                                                       1.7357920      1.8199649      1.9061377
                                                                       1.9943061      2.0844612      2.1766012
                                                                       2.2707335





  Compute Coulomb potential...
         Basis Memory Usage:       24.000 MB
  ... done

       Frequency E(     1 ) =      0.00000 eV                 
  ==================================================


  Compute Triple Integrals...
         Basis Memory Usage:       24.128 MB
  ... done


     chi0 RPA... computed for L =  0
     CHI0  ndim,  kl,  ku:   500  120  120
     epsilon... computed
     EPS   ndim,  kl,  ku:   500  147   65
     epsilon^-1... computed

     chi0 RPA... computed for L =  1
     CHI0  ndim,  kl,  ku:   500  113  113
     epsilon... computed
     EPS   ndim,  kl,  ku:   500  467   82
     epsilon^-1... computed

     chi0 RPA... computed for L =  2
     CHI0  ndim,  kl,  ku:   500   87   87
     epsilon... computed
     EPS   ndim,  kl,  ku:   500  433   85
     epsilon^-1... computed

     chi0 RPA... computed for L =  3
     CHI0  ndim,  kl,  ku:   500   52   52
     epsilon... computed
     EPS   ndim,  kl,  ku:   500  458  115
     epsilon^-1... computed

     chi0 RPA... computed for L =  4
     CHI0  ndim,  kl,  ku:   500   35   35
     epsilon... computed
     EPS   ndim,  kl,  ku:   500  499  157
     epsilon^-1... computed

     chi0 RPA... computed for L =  5
     CHI0  ndim,  kl,  ku:   500   25   25
     epsilon... computed
     EPS   ndim,  kl,  ku:   500  499  183
     epsilon^-1... computed



       Frequency E(     2 ) =      0.10000 eV                 
  ==================================================


     chi0 RPA... computed for L =  0
     CHI0  ndim,  kl,  ku:   500  122  122
     epsilon... computed
     EPS   ndim,  kl,  ku:   500  151   66
     epsilon^-1... computed

     chi0 RPA... computed for L =  1
     CHI0  ndim,  kl,  ku:   500  127  127
     epsilon... computed
     EPS   ndim,  kl,  ku:   500  471   90
     epsilon^-1... computed

     chi0 RPA... computed for L =  2
     CHI0  ndim,  kl,  ku:   500   87   87
     epsilon... computed
     EPS   ndim,  kl,  ku:   500  434   89
     epsilon^-1... computed

     chi0 RPA... computed for L =  3
     CHI0  ndim,  kl,  ku:   500   52   52
     epsilon... computed
     EPS   ndim,  kl,  ku:   500  460  120
     epsilon^-1... computed

     chi0 RPA... computed for L =  4
     CHI0  ndim,  kl,  ku:   500   35   35
     epsilon... computed
     EPS   ndim,  kl,  ku:   500  499  166
     epsilon^-1... computed

     chi0 RPA... computed for L =  5
     CHI0  ndim,  kl,  ku:   500   25   25
     epsilon... computed
     EPS   ndim,  kl,  ku:   500  499  183
     epsilon^-1... computed



       Frequency E(     3 ) =      0.20000 eV                 
  ==================================================


     chi0 RPA... computed for L =  0
     CHI0  ndim,  kl,  ku:   500  159  159
     epsilon... computed
     EPS   ndim,  kl,  ku:   500  173   92
     epsilon^-1... computed

     chi0 RPA... computed for L =  1
     CHI0  ndim,  kl,  ku:   500  126  126
     epsilon... computed
     EPS   ndim,  kl,  ku:   500  473   99
     epsilon^-1... computed

     chi0 RPA... computed for L =  2
     CHI0  ndim,  kl,  ku:   500   87   87
     epsilon... computed
     EPS   ndim,  kl,  ku:   500  436  101
     epsilon^-1... computed

     chi0 RPA... computed for L =  3
     CHI0  ndim,  kl,  ku:   500   52   52
     epsilon... computed
     EPS   ndim,  kl,  ku:   500  466  135
     epsilon^-1... computed

     chi0 RPA... computed for L =  4
     CHI0  ndim,  kl,  ku:   500   35   35
     epsilon... computed
     EPS   ndim,  kl,  ku:   500  499  187
     epsilon^-1... computed

     chi0 RPA... computed for L =  5
     CHI0  ndim,  kl,  ku:   500   25   25
     epsilon... computed
     EPS   ndim,  kl,  ku:   500  499  183
     epsilon^-1... computed



       Frequency E(     4 ) =      0.30000 eV                 
  ==================================================


     chi0 RPA... computed for L =  0
     CHI0  ndim,  kl,  ku:   500  133  133
     epsilon... computed
     EPS   ndim,  kl,  ku:   500  162   75
     epsilon^-1... computed

     chi0 RPA... computed for L =  1
     CHI0  ndim,  kl,  ku:   500  112  112
     epsilon... computed
     EPS   ndim,  kl,  ku:   500  468   94
     epsilon^-1... computed

     chi0 RPA... computed for L =  2
     CHI0  ndim,  kl,  ku:   500   87   87
     epsilon... computed
     EPS   ndim,  kl,  ku:   500  458  123
     epsilon^-1... computed

     chi0 RPA... computed for L =  3
     CHI0  ndim,  kl,  ku:   500   52   52
     epsilon... computed
     EPS   ndim,  kl,  ku:   500  473  167
     epsilon^-1... computed

     chi0 RPA... computed for L =  4
     CHI0  ndim,  kl,  ku:   500   35   35
     epsilon... computed
     EPS   ndim,  kl,  ku:   500  499  246
     epsilon^-1... computed

     chi0 RPA... computed for L =  5
     CHI0  ndim,  kl,  ku:   500   25   25
     epsilon... computed
     EPS   ndim,  kl,  ku:   500  499  183
     epsilon^-1... computed



       Frequency E(     5 ) =      0.40000 eV                 
  ==================================================


     chi0 RPA... computed for L =  0
     CHI0  ndim,  kl,  ku:   500  155  155
     epsilon... computed
     EPS   ndim,  kl,  ku:   500  154   77
     epsilon^-1... computed

     chi0 RPA... computed for L =  1
     CHI0  ndim,  kl,  ku:   500  109  109
     epsilon... computed
     EPS   ndim,  kl,  ku:   500  464   86
     epsilon^-1... computed

     chi0 RPA... computed for L =  2
     CHI0  ndim,  kl,  ku:   500   87   87
     epsilon... computed
     EPS   ndim,  kl,  ku:   500  452  124
     epsilon^-1... computed

     chi0 RPA... computed for L =  3
     CHI0  ndim,  kl,  ku:   500   52   52
     epsilon... computed
     EPS   ndim,  kl,  ku:   500  471  173
     epsilon^-1... computed

     chi0 RPA... computed for L =  4
     CHI0  ndim,  kl,  ku:   500   35   35
     epsilon... computed
     EPS   ndim,  kl,  ku:   500  499  256
     epsilon^-1... computed

     chi0 RPA... computed for L =  5
     CHI0  ndim,  kl,  ku:   500   25   25
     epsilon... computed
     EPS   ndim,  kl,  ku:   500  499  183
     epsilon^-1... computed



       Frequency E(     6 ) =      0.50000 eV                 
  ==================================================


     chi0 RPA... computed for L =  0
     CHI0  ndim,  kl,  ku:   500  138  138
     epsilon... computed
     EPS   ndim,  kl,  ku:   500  150   71
     epsilon^-1... computed

     chi0 RPA... computed for L =  1
     CHI0  ndim,  kl,  ku:   500  109  109
     epsilon... computed
     EPS   ndim,  kl,  ku:   500  463   86
     epsilon^-1... computed

     chi0 RPA... computed for L =  2
     CHI0  ndim,  kl,  ku:   500   87   87
     epsilon... computed
     EPS   ndim,  kl,  ku:   500  436  123
     epsilon^-1... computed

     chi0 RPA... computed for L =  3
     CHI0  ndim,  kl,  ku:   500   52   52
     epsilon... computed
     EPS   ndim,  kl,  ku:   500  468  174
     epsilon^-1... computed

     chi0 RPA... computed for L =  4
     CHI0  ndim,  kl,  ku:   500   35   35
     epsilon... computed
     EPS   ndim,  kl,  ku:   500  499  257
     epsilon^-1... computed

     chi0 RPA... computed for L =  5
     CHI0  ndim,  kl,  ku:   500   25   25
     epsilon... computed
     EPS   ndim,  kl,  ku:   500  499  183
     epsilon^-1... computed



       Frequency E(     7 ) =      0.60000 eV                 
  ==================================================


     chi0 RPA... computed for L =  0
     CHI0  ndim,  kl,  ku:   500  157  157
     epsilon... computed
     EPS   ndim,  kl,  ku:   500  137   71
     epsilon^-1... computed

     chi0 RPA... computed for L =  1
     CHI0  ndim,  kl,  ku:   500  107  107
     epsilon... computed
     EPS   ndim,  kl,  ku:   500  459   83
     epsilon^-1... computed

     chi0 RPA... computed for L =  2
     CHI0  ndim,  kl,  ku:   500   87   87
     epsilon... computed
     EPS   ndim,  kl,  ku:   500  435  123
     epsilon^-1... computed

     chi0 RPA... computed for L =  3
     CHI0  ndim,  kl,  ku:   500   52   52
     epsilon... computed
     EPS   ndim,  kl,  ku:   500  467  175
     epsilon^-1... computed

     chi0 RPA... computed for L =  4
     CHI0  ndim,  kl,  ku:   500   35   35
     epsilon... computed
     EPS   ndim,  kl,  ku:   500  499  248
     epsilon^-1... computed

     chi0 RPA... computed for L =  5
     CHI0  ndim,  kl,  ku:   500   25   25
     epsilon... computed
     EPS   ndim,  kl,  ku:   500  499  183
     epsilon^-1... computed



       Frequency E(     8 ) =      0.70000 eV                 
  ==================================================


     chi0 RPA... computed for L =  0
     CHI0  ndim,  kl,  ku:   500  134  134
     epsilon... computed
     EPS   ndim,  kl,  ku:   500  137   67
     epsilon^-1... computed

     chi0 RPA... computed for L =  1
     CHI0  ndim,  kl,  ku:   500  120  120
     epsilon... computed
     EPS   ndim,  kl,  ku:   500  460   85
     epsilon^-1... computed

     chi0 RPA... computed for L =  2
     CHI0  ndim,  kl,  ku:   500   88   88
     epsilon... computed
     EPS   ndim,  kl,  ku:   500  435  118
     epsilon^-1... computed

     chi0 RPA... computed for L =  3
     CHI0  ndim,  kl,  ku:   500   52   52
     epsilon... computed
     EPS   ndim,  kl,  ku:   500  465  174
     epsilon^-1... computed

     chi0 RPA... computed for L =  4
     CHI0  ndim,  kl,  ku:   500   35   35
     epsilon... computed
     EPS   ndim,  kl,  ku:   500  499  255
     epsilon^-1... computed

     chi0 RPA... computed for L =  5
     CHI0  ndim,  kl,  ku:   500   25   25
     epsilon... computed
     EPS   ndim,  kl,  ku:   500  499  183
     epsilon^-1... computed



       Frequency E(     9 ) =      0.80000 eV                 
  ==================================================


     chi0 RPA... computed for L =  0
     CHI0  ndim,  kl,  ku:   500  133  133
     epsilon... computed
     EPS   ndim,  kl,  ku:   500   79   67
     epsilon^-1... computed

     chi0 RPA... computed for L =  1
     CHI0  ndim,  kl,  ku:   500  122  122
     epsilon... computed
     EPS   ndim,  kl,  ku:   500  456   83
     epsilon^-1... computed

     chi0 RPA... computed for L =  2
     CHI0  ndim,  kl,  ku:   500   88   88
     epsilon... computed
     EPS   ndim,  kl,  ku:   500  434  117
     epsilon^-1... computed

     chi0 RPA... computed for L =  3
     CHI0  ndim,  kl,  ku:   500   52   52
     epsilon... computed
     EPS   ndim,  kl,  ku:   500  463  176
     epsilon^-1... computed

     chi0 RPA... computed for L =  4
     CHI0  ndim,  kl,  ku:   500   35   35
     epsilon... computed
     EPS   ndim,  kl,  ku:   500  499  255
     epsilon^-1... computed

     chi0 RPA... computed for L =  5
     CHI0  ndim,  kl,  ku:   500   25   25
     epsilon... computed
     EPS   ndim,  kl,  ku:   500  499  183
     epsilon^-1... computed



       Frequency E(    10 ) =      0.90000 eV                 
  ==================================================


     chi0 RPA... computed for L =  0
     CHI0  ndim,  kl,  ku:   500  131  131
     epsilon... computed
     EPS   ndim,  kl,  ku:   500   79   68
     epsilon^-1... computed

     chi0 RPA... computed for L =  1
     CHI0  ndim,  kl,  ku:   500  123  123
     epsilon... computed
     EPS   ndim,  kl,  ku:   500  456   86
     epsilon^-1... computed

     chi0 RPA... computed for L =  2
     CHI0  ndim,  kl,  ku:   500   88   88
     epsilon... computed
     EPS   ndim,  kl,  ku:   500  434  115
     epsilon^-1... computed

     chi0 RPA... computed for L =  3
     CHI0  ndim,  kl,  ku:   500   52   52
     epsilon... computed
     EPS   ndim,  kl,  ku:   500  460  176
     epsilon^-1... computed

     chi0 RPA... computed for L =  4
     CHI0  ndim,  kl,  ku:   500   35   35
     epsilon... computed
     EPS   ndim,  kl,  ku:   500  499  252
     epsilon^-1... computed

     chi0 RPA... computed for L =  5
     CHI0  ndim,  kl,  ku:   500   25   25
     epsilon... computed
     EPS   ndim,  kl,  ku:   500  499  183
     epsilon^-1... computed



       Frequency E(    11 ) =      1.00000 eV                 
  ==================================================


     chi0 RPA... computed for L =  0
     CHI0  ndim,  kl,  ku:   500  157  157
     epsilon... computed
     EPS   ndim,  kl,  ku:   500  126   68
     epsilon^-1... computed

     chi0 RPA... computed for L =  1
     CHI0  ndim,  kl,  ku:   500  117  117
     epsilon... computed
     EPS   ndim,  kl,  ku:   500  458   84
     epsilon^-1... computed

     chi0 RPA... computed for L =  2
     CHI0  ndim,  kl,  ku:   500   88   88
     epsilon... computed
     EPS   ndim,  kl,  ku:   500  433  115
     epsilon^-1... computed

     chi0 RPA... computed for L =  3
     CHI0  ndim,  kl,  ku:   500   52   52
     epsilon... computed
     EPS   ndim,  kl,  ku:   500  457  174
     epsilon^-1... computed

     chi0 RPA... computed for L =  4
     CHI0  ndim,  kl,  ku:   500   35   35
     epsilon... computed
     EPS   ndim,  kl,  ku:   500  499  248
     epsilon^-1... computed

     chi0 RPA... computed for L =  5
     CHI0  ndim,  kl,  ku:   500   25   25
     epsilon... computed
     EPS   ndim,  kl,  ku:   500  499  183
     epsilon^-1... computed




  ======================================================================
  =  END epsilon/chi0 calculation                                      =
  ======================================================================



Omega [eV]     alpha0 [Bohr^3]       alpha [Bohr^3]

    0.000000000     267.613761854    9.605023372      70.645230789    2.858582065
    0.100000000     333.758667302   25.668649022      94.936154872    7.765579395
    0.200000000     141.904289945   57.019420175    -205.976224968  161.279336292
    0.300000000     121.890700130  242.387535036     -30.734346404   12.528183852
    0.400000000      69.524277240  233.077696949      -9.465114310    3.892577861
    0.500000000      21.077359825  175.329537698      -1.577972541    2.147328974
    0.600000000     -18.975319606  133.965027372       2.443442002    1.863901822
    0.700000000     -46.424183636  134.220653942       5.342708480    1.381882043
    0.800000000     -46.623647362   94.719920266       7.938000078    1.475607471
    0.900000000     -47.745496685   72.621158558      10.339732608    1.688497679
    1.000000000     -57.455244227   58.966957757      13.036263272    2.580408543


Omega [eV]     alpha0 [Ang^3]        alpha [Ang^3]

    0.000000000      39.656220672    1.423315915      10.468530625    0.423597652
    0.100000000      49.457872681    3.803696801      14.068069898    1.150738766
    0.200000000      21.028021120    8.449396224     -30.522490973   23.899103340
    0.300000000      18.062316634   35.918083998      -4.554354809    1.856483090
    0.400000000      10.302422645   34.538509977      -1.402583556    0.576819838
    0.500000000       3.123338750   25.981125892      -0.233831126    0.318200944
    0.600000000      -2.811848899   19.851545193       0.362080315    0.276201424
    0.700000000      -6.879346032   19.889425097       0.791706768    0.204773547
    0.800000000      -6.908903471   14.036027273       1.176288845    0.218662206
    0.900000000      -7.075144191   10.761332561       1.532188461    0.250209242
    1.000000000      -8.513978609    8.737991174       1.931772602    0.382376638


  ======================================================================

   <global routines>
             clock number :    12

                      agf :  3m 0.00s CPU 

              build_rham0 :     0.01s CPU (       5 calls,   0.003 s avg)
            response_init :     0.00s CPU
              epsilon_drv :   180.42s CPU
               compute_vh :     0.08s CPU
     bspline_rad2spl_rank :     0.01s CPU (       3 calls,   0.003 s avg)
          compute_vxc_loc :     0.00s CPU
        operator_diag_drv :     1.93s CPU (      10 calls,   0.193 s avg)
     basis_CoulombPot_ini :     1.20s CPU
                 chi0_rpa :    41.79s CPU (      66 calls,   0.633 s avg)
     basis_TripleInt_init :     0.00s CPU
       operator_inv_drv_z :     2.41s CPU (      66 calls,   0.037 s avg)


