
  ======================================================================
              =                                            =
              =         *** AGWX *** Atomic GWX code       =
              =       HF, MP2, ShamSchluter, PZSIC, GW.    =
              =                                            =
  ======================================================================


  Program <agf>  v. 2.3.0  starts ...
  Date 22Nov2013 at 18:21:33 

     Number of MPI processes:       1


          BUILT :    Tue Apr 13 10:33:17 2010
           HOST :    x86_64-unknown-linux-gnu
           ARCH :    x86_64
             CC :    icc
            CPP :    cpp
            F90 :    mpif90
            F77 :    ifort
         DFLAGS :    -D__INTEL -D__FFTW -D__MPI -D__PARA
      BLAS LIBS :    -L/home/ferretti/devel/agwx/install -lmkl_em64t_nothread
    LAPACK LIBS :    
       FFT LIBS :    
      MASS LIBS :    




  ======================================================================
  =  INPUT Summary                                                     =
  ======================================================================

 <CONTROL>
                       prefix :     03_Li_HF
                      postfix :     
                     work_dir :     ./SCRATCH

                  Calculation :     HF
                      step  1 :     HF

                       nprint :      50
            Use banded matrix :     TRUE 

               Use debug mode :     FALSE
 <CONTROL>


 <SYSTEM DATA>

         Atomic data
                  Symbol :      Li
         Atomic Number Z :      3
           Configuration :      1s1 1s1 2s1
                    lmax :      0
                   nspin :      2
                nelec UP :      2.000
                nelec DW :      1.000

         Radial Grid
                   nmesh :       1179
                    rmin :      0.000
                    rmax :     39.701
               grad type :      3points_rdiff

         Electronic Configuration
         id     n   l  isp   j     oc  
         1S     1   0   1    0.00  1.00
         1S     1   0   2    0.00  1.00
         2S     2   0   1    0.00  1.00

 </SYSTEM DATA>


 <METHOD>
                  beta_mixing :     0.800
                       niterx :      50
                  dm_conv_thr :    0.1000E-07
                etot_conv_thr :    0.1000E-04

 </METHOD>


  ======================================================================
  =  HF SCF loop                                                       =
  ======================================================================


     Workspace Memory Usage:       89.010 MB

   Calculation :    HF
      update W :     F
  Starting wfc :    H0
          nbnd :     2

             l       occ up/dw
       nval  0 :     2    1



  Diagonalize the init/guess Hamiltonian

     eigenval: 
     il  ispin:   0  1
      -27.2350219  -4.9002289
     il  ispin:   0  2
      -27.2350219  -4.9002289



  Iteration =   1      Method = HF
  ===============
      nr,  kl,  ku:  1179  510  510
      dm(  0  1) accuracy =     2.046895747
      dm(  0  2) accuracy =     0.794992675


      Total energy:        6.753136808 au
         h0 energy:       -4.308226384 au
    Hartree energy:       19.101805635 au
       Exch energy:       -8.040442442 au

     eigenval: 
     il  ispin:   0  1
       -2.3497499   0.0063175
     il  ispin:   0  2
       -1.6760904   0.0064916



                              Total time spent up to now :     4.83 secs


  Iteration =   2      Method = HF
  ===============
      nr,  kl,  ku:  1179  467  467
      dm(  0  1) accuracy =     1.489434364
      dm(  0  2) accuracy =     0.024978220


      Total energy:      -10.138928468 au
         h0 energy:      -14.598032777 au
    Hartree energy:        7.612042111 au
       Exch energy:       -3.152937802 au

     eigenval: 
     il  ispin:   0  1
       -4.8792967  -0.2169478
     il  ispin:   0  2
       -5.0077843  -0.1877566



                              Total time spent up to now :    11.02 secs


  Iteration =   3      Method = HF
  ===============
      nr,  kl,  ku:  1179  468  468
      dm(  0  1) accuracy =     0.102975696
      dm(  0  2) accuracy =     0.001730691


      Total energy:      -13.820904469 au
         h0 energy:      -18.220188500 au
    Hartree energy:        7.716426169 au
       Exch energy:       -3.317142138 au

     eigenval: 
     il  ispin:   0  1
       -4.9799607  -0.3538825
     il  ispin:   0  2
       -5.0580761  -0.0317942



                              Total time spent up to now :    17.29 secs


  Iteration =   4      Method = HF
  ===============
      nr,  kl,  ku:  1179  468  468
      dm(  0  1) accuracy =     0.012081871
      dm(  0  2) accuracy =     0.000134550


      Total energy:      -14.609328074 au
         h0 energy:      -19.067504980 au
    Hartree energy:        7.927278946 au
       Exch energy:       -3.469102041 au

     eigenval: 
     il  ispin:   0  1
       -4.9739814  -0.3833621
     il  ispin:   0  2
       -4.9956792  -0.0019544



                              Total time spent up to now :    23.56 secs


  Iteration =   5      Method = HF
  ===============
      nr,  kl,  ku:  1179  468  468
      dm(  0  1) accuracy =     0.002586337
      dm(  0  2) accuracy =     0.000014566


      Total energy:      -14.772379230 au
         h0 energy:      -19.271399930 au
    Hartree energy:        8.020438043 au
       Exch energy:       -3.521417343 au

     eigenval: 
     il  ispin:   0  1
       -4.9663606  -0.3899597
     il  ispin:   0  2
       -4.9583932   0.0024262



                              Total time spent up to now :    31.34 secs


  Iteration =   6      Method = HF
  ===============
      nr,  kl,  ku:  1179  469  469
      dm(  0  1) accuracy =     0.000744982
      dm(  0  2) accuracy =     0.000003510


      Total energy:      -14.805865754 au
         h0 energy:      -19.326722855 au
    Hartree energy:        8.059527588 au
       Exch energy:       -3.538670487 au

     eigenval: 
     il  ispin:   0  1
       -4.9620988  -0.3915593
     il  ispin:   0  2
       -4.9397872   0.0033899



                              Total time spent up to now :    37.52 secs


  Iteration =   7      Method = HF
  ===============
      nr,  kl,  ku:  1179  469  469
      dm(  0  1) accuracy =     0.000240345
      dm(  0  2) accuracy =     0.000001140


      Total energy:      -14.812773367 au
         h0 energy:      -19.345234312 au
    Hartree energy:        8.077351489 au
       Exch energy:       -3.544890545 au

     eigenval: 
     il  ispin:   0  1
       -4.9596079  -0.3919702
     il  ispin:   0  2
       -4.9303804   0.0037433



                              Total time spent up to now :    43.71 secs


  Iteration =   8      Method = HF
  ===============
      nr,  kl,  ku:  1179  469  469
      dm(  0  1) accuracy =     0.000081468
      dm(  0  2) accuracy =     0.000000352


      Total energy:      -14.814216766 au
         h0 energy:      -19.353130787 au
    Hartree energy:        8.086389174 au
       Exch energy:       -3.547475153 au

     eigenval: 
     il  ispin:   0  1
       -4.9579930  -0.3920963
     il  ispin:   0  2
       -4.9254576   0.0039073



                              Total time spent up to now :    49.89 secs


  Iteration =   9      Method = HF
  ===============
      nr,  kl,  ku:  1179  469  469
      dm(  0  1) accuracy =     0.000028317
      dm(  0  2) accuracy =     0.000000101


      Total energy:      -14.814525466 au
         h0 energy:      -19.357178475 au
    Hartree energy:        8.091367593 au
       Exch energy:       -3.548714584 au

     eigenval: 
     il  ispin:   0  1
       -4.9569169  -0.3921809
     il  ispin:   0  2
       -4.9227566   0.0039388



                              Total time spent up to now :    56.08 secs


  Iteration =  10      Method = HF
  ===============
      nr,  kl,  ku:  1179  469  469
      dm(  0  1) accuracy =     0.000009981
      dm(  0  2) accuracy =     0.000000028


      Total energy:      -14.814593996 au
         h0 energy:      -19.359468126 au
    Hartree energy:        8.094250119 au
       Exch energy:       -3.549375989 au

     eigenval: 
     il  ispin:   0  1
       -4.9562401  -0.3922004
     il  ispin:   0  2
       -4.9212092   0.0039773



                              Total time spent up to now :    62.26 secs


  Iteration =  11      Method = HF
  ===============
      nr,  kl,  ku:  1179  469  469
      dm(  0  1) accuracy =     0.000003547
      dm(  0  2) accuracy =     0.000000008


      Total energy:      -14.814610065 au
         h0 energy:      -19.360819870 au
    Hartree energy:        8.095962012 au
       Exch energy:       -3.549752207 au

     eigenval: 
     il  ispin:   0  1
       -4.9557948  -0.3921614
     il  ispin:   0  2
       -4.9203577   0.0040163



                              Total time spent up to now :    68.44 secs


  Iteration =  12      Method = HF
  ===============
      nr,  kl,  ku:  1179  469  469
      dm(  0  1) accuracy =     0.000001267
      dm(  0  2) accuracy =     0.000000002


      Total energy:      -14.814614112 au
         h0 energy:      -19.361631063 au
    Hartree energy:        8.096990324 au
       Exch energy:       -3.549973373 au

     eigenval: 
     il  ispin:   0  1
       -4.9554806  -0.3921955
     il  ispin:   0  2
       -4.9198113   0.0040403



                              Total time spent up to now :    74.63 secs


  Iteration =  13      Method = HF
  ===============
      nr,  kl,  ku:  1179  469  469
      dm(  0  1) accuracy =     0.000000454
      dm(  0  2) accuracy =     0.000000001


      Total energy:      -14.814615218 au
         h0 energy:      -19.362120540 au
    Hartree energy:        8.097610732 au
       Exch energy:       -3.550105410 au

     eigenval: 
     il  ispin:   0  1
       -4.9552640  -0.3922110
     il  ispin:   0  2
       -4.9195367   0.0040828



                              Total time spent up to now :    80.81 secs


  Iteration =  14      Method = HF
  ===============
      nr,  kl,  ku:  1179  469  469
      dm(  0  1) accuracy =     0.000000163
      dm(  0  2) accuracy =     0.000000000


      Total energy:      -14.814615545 au
         h0 energy:      -19.362416269 au
    Hartree energy:        8.097985485 au
       Exch energy:       -3.550184760 au

     eigenval: 
     il  ispin:   0  1
       -4.9551970  -0.3922020
     il  ispin:   0  2
       -4.9193536   0.0040338



                              Total time spent up to now :    87.00 secs


  Iteration =  15      Method = HF
  ===============
      nr,  kl,  ku:  1179  469  469
      dm(  0  1) accuracy =     0.000000059
      dm(  0  2) accuracy =     0.000000000


      Total energy:      -14.814615648 au
         h0 energy:      -19.362594895 au
    Hartree energy:        8.098211812 au
       Exch energy:       -3.550232565 au

     eigenval: 
     il  ispin:   0  1
       -4.9551054  -0.3921684
     il  ispin:   0  2
       -4.9192620   0.0040673



                              Total time spent up to now :    93.18 secs


  Iteration =  16      Method = HF
  ===============
      nr,  kl,  ku:  1179  469  469
      dm(  0  1) accuracy =     0.000000021
      dm(  0  2) accuracy =     0.000000000


      Total energy:      -14.814615682 au
         h0 energy:      -19.362702710 au
    Hartree energy:        8.098348411 au
       Exch energy:       -3.550261382 au

     eigenval: 
     il  ispin:   0  1
       -4.9550719  -0.3921930
     il  ispin:   0  2
       -4.9191705   0.0040428



                              Total time spent up to now :    99.37 secs


  Iteration =  17      Method = HF
  ===============
      nr,  kl,  ku:  1179  469  469
      dm(  0  1) accuracy =     0.000000008
      dm(  0  2) accuracy =     0.000000000


      Total energy:      -14.814615694 au
         h0 energy:      -19.362767733 au
    Hartree energy:        8.098430791 au
       Exch energy:       -3.550278752 au

     eigenval: 
     il  ispin:   0  1
       -4.9550414  -0.3922205
     il  ispin:   0  2
       -4.9191400   0.0040733



                              Total time spent up to now :   105.55 secs

  ----------------------------------------
     HF: conv. achieved                   
  ----------------------------------------


  Iteration ( HF ):    17

  ======================================================================

   <global routines>
             clock number :     8

                      agf :  1m45.00s CPU 

              build_rham0 :     0.02s CPU
                  scf_drv :   105.50s CPU
        operator_diag_drv :   102.70s CPU (      36 calls,   2.853 s avg)
               compute_vh :     0.12s CPU (      17 calls,   0.007 s avg)
               compute_vx :     1.58s CPU (      34 calls,   0.047 s avg)
               compute_eh :     0.00s CPU (      17 calls,   0.000 s avg)
               compute_ex :     0.21s CPU (      17 calls,   0.012 s avg)


